2021-12-03 15:51:09.416 18868-18868/uk.co.oliverdelange.instabugtest D/IB-FeaturesService: Getting enabled features for this application
2021-12-03 15:51:09.416 18868-21823/uk.co.oliverdelange.instabugtest D/IB-MigrationManager: Checking if should apply this migration: sdk_backward_migration, result is false last migration version is 4 target migration version 4
2021-12-03 15:51:09.418 18868-18868/uk.co.oliverdelange.instabugtest V/IB-FeaturesService: getAppFeatures request started
2021-12-03 15:51:09.418 18868-18868/uk.co.oliverdelange.instabugtest D/IB-CrashPlugin: CrashPlugin NETWORK event with value activated received
2021-12-03 15:51:09.418 18868-18868/uk.co.oliverdelange.instabugtest D/IB-CrashReportingUtility: isCrashReportingEnabled ? ENABLED
2021-12-03 15:51:09.418 18868-18868/uk.co.oliverdelange.instabugtest D/IB-CrashPlugin: startCrashesUploaderService
2021-12-03 15:51:09.419 18868-18868/uk.co.oliverdelange.instabugtest D/IB-CrashReportingUtility: isCrashReportingEnabled ? ENABLED
2021-12-03 15:51:09.419 18868-21850/uk.co.oliverdelange.instabugtest V/IB-UserDbHelper: retrieve
2021-12-03 15:51:09.420 18868-21848/uk.co.oliverdelange.instabugtest D/IB-InstabugBaseConnectionManagerImpl: Starting a request to url: https://api.instabug.com/api/sdk/v3/features?application_token=38e30c6136df1ef5f0026b6fdc240375&uuid=4cb1119e-839f-4eaf-8381-2d5a5ee57353
2021-12-03 15:51:09.421 18868-21823/uk.co.oliverdelange.instabugtest D/IB-MigrationManager: Checking if should apply this migration: sdk_forward_migration, result is false last migration version is 4 target migration version 4
2021-12-03 15:51:09.422 18868-21823/uk.co.oliverdelange.instabugtest D/IB-MigrationManager: Checking if should apply this migration: sdk_analytics_migration, result is false last migration version is 4 target migration version 4
2021-12-03 15:51:09.422 18868-18868/uk.co.oliverdelange.instabugtest V/IB-b: receive new core event: type: network, value: activated
2021-12-03 15:51:09.422 18868-21823/uk.co.oliverdelange.instabugtest D/IB-CacheManager: No cache with this ID was found user_attributes_memory_cache returning null
2021-12-03 15:51:09.423 18868-21823/uk.co.oliverdelange.instabugtest V/IB-CacheManager: Caches to be migrated com.instabug.library.internal.storage.cache.OnDiskCache@8de7a54 - null
2021-12-03 15:51:09.423 18868-21823/uk.co.oliverdelange.instabugtest D/IB-CacheManager: No cache with this ID was found user_attributes_memory_cache returning null
2021-12-03 15:51:09.423 18868-21823/uk.co.oliverdelange.instabugtest D/IB-CacheManager: Invalidated migratingTo cache
2021-12-03 15:51:09.423 18868-18868/uk.co.oliverdelange.instabugtest V/IB-InstabugBugsUploaderJob: Started
2021-12-03 15:51:09.425 18868-21848/uk.co.oliverdelange.instabugtest D/IB-InstabugFeaturesManager: isFeatureAvailable: BE_DISABLE_SIGNING return: DEFAULT_FEATURE_AVAILABILITY
2021-12-03 15:51:09.425 18868-21848/uk.co.oliverdelange.instabugtest D/IB-InstabugFeaturesManager: isFeatureAvailable: BE_DISABLE_SIGNING return: DEFAULT_FEATURE_AVAILABILITY
2021-12-03 15:51:09.425 18868-21823/uk.co.oliverdelange.instabugtest I/IB-CacheFileMemoryAvailablePredicate: CacheFileMemoryAvailablePredicate is running test, results: true
2021-12-03 15:51:09.425 18868-21848/uk.co.oliverdelange.instabugtest D/IB-NormalConnectionManager: Connect to: https://api.instabug.com/api/sdk/v3/features?application_token=38e30c6136df1ef5f0026b6fdc240375&uuid=4cb1119e-839f-4eaf-8381-2d5a5ee57353 with normal type
2021-12-03 15:51:09.426 18868-21823/uk.co.oliverdelange.instabugtest W/IB-CacheManager: Cache to migrate from doesn't contain any elements, not going further with the migration
2021-12-03 15:51:09.426 18868-21823/uk.co.oliverdelange.instabugtest D/IB-g: Checking if old cache is existing and it's returning false
2021-12-03 15:51:09.427 18868-21823/uk.co.oliverdelange.instabugtest D/IB-MigrationManager: Checking if should apply this migration: user_attributes_migration, result is false last migration version is 4 target migration version 4
2021-12-03 15:51:09.429 18868-21823/uk.co.oliverdelange.instabugtest D/IB-MigrationManager: Checking if should apply this migration: vus_encryption_migration, result is false last migration version is 4 target migration version 4
2021-12-03 15:51:09.429 18868-21823/uk.co.oliverdelange.instabugtest D/IB-MigrationManager: No migrations to run
2021-12-03 15:51:09.429 18868-21823/uk.co.oliverdelange.instabugtest V/IB-InstabugDelegate: Registering broadcasts
2021-12-03 15:51:09.430 18868-21823/uk.co.oliverdelange.instabugtest V/IB-InstabugDelegate: Preparing user state
2021-12-03 15:51:09.431 18868-21823/uk.co.oliverdelange.instabugtest V/IB-InstabugDelegate: Initializing auto screen recording
2021-12-03 15:51:09.432 18868-21878/uk.co.oliverdelange.instabugtest D/IB-BaseNetworkTask: a started network task
2021-12-03 15:51:09.436 18868-21851/uk.co.oliverdelange.instabugtest D/IB-InstabugNetworkLogDbHelper: trim
2021-12-03 15:51:09.437 18868-21840/uk.co.oliverdelange.instabugtest D/IB-ActionsOrchestrator: runAction
2021-12-03 15:51:09.439 18868-21886/uk.co.oliverdelange.instabugtest W/IB-InstabugDelegate: current user is not identified
2021-12-03 15:51:09.442 18868-21843/uk.co.oliverdelange.instabugtest D/IB-ActionsOrchestrator: runAction
2021-12-03 15:51:09.443 18868-21878/uk.co.oliverdelange.instabugtest D/IB-BaseNetworkTask: Internet is good to go
2021-12-03 15:51:09.445 18868-21882/uk.co.oliverdelange.instabugtest D/IB-CrashReportsDbHelper: getting Crashes Count
2021-12-03 15:51:09.445 18868-21878/uk.co.oliverdelange.instabugtest D/IB-InstabugFeaturesManager: Previously cached feature settings : {"ttl":0,"sdk_version":"10.10.1","hash":"9e849d0623cf0fbe58367876f11dad95"}
2021-12-03 15:51:09.446 18868-21878/uk.co.oliverdelange.instabugtest D/IB-InstabugFeaturesManager: Previously cached feature settings : {"ttl":0,"sdk_version":"10.10.1","hash":"9e849d0623cf0fbe58367876f11dad95"}
2021-12-03 15:51:09.446 18868-21850/uk.co.oliverdelange.instabugtest V/IB-UserDbHelper: retrieve
2021-12-03 15:51:09.446 18868-18868/uk.co.oliverdelange.instabugtest D/IB-InvocationManager: current activity resumed
2021-12-03 15:51:09.447 18868-18868/uk.co.oliverdelange.instabugtest V/IB-PluginsManager: plugin: com.instabug.crash.CrashPlugin@6f62626
2021-12-03 15:51:09.447 18868-18868/uk.co.oliverdelange.instabugtest V/IB-PluginsManager: plugin: com.instabug.ndkcrash.NDKCrashPlugin@dd20267
2021-12-03 15:51:09.447 18868-21878/uk.co.oliverdelange.instabugtest D/IB-InstabugFeaturesManager: Last fetched at is more than 0 millis, retrieve it again
2021-12-03 15:51:09.447 18868-18868/uk.co.oliverdelange.instabugtest V/IB-PluginsManager: plugin: com.instabug.survey.SurveyPlugin@1d09814
2021-12-03 15:51:09.447 18868-18868/uk.co.oliverdelange.instabugtest V/IB-PluginsManager: plugin: com.instabug.chat.ChatPlugin@79f08bd
2021-12-03 15:51:09.447 18868-18868/uk.co.oliverdelange.instabugtest V/IB-PluginsManager: plugin: com.instabug.bug.BugPlugin@7b873b9
2021-12-03 15:51:09.447 18868-21843/uk.co.oliverdelange.instabugtest V/IB-UserManager: getIdentifiedUserEmail:
2021-12-03 15:51:09.448 18868-21840/uk.co.oliverdelange.instabugtest V/IB-UserManager: getIdentifiedUserEmail:
2021-12-03 15:51:09.450 18868-21888/uk.co.oliverdelange.instabugtest D/IB-BaseNetworkTask: a started network task
2021-12-03 15:51:09.454 18868-21888/uk.co.oliverdelange.instabugtest D/IB-BaseNetworkTask: Internet is good to go
2021-12-03 15:51:09.456 18868-18868/uk.co.oliverdelange.instabugtest V/IB-PluginsManager: plugin: com.instabug.featuresrequest.FeaturesRequestPlugin@f639275
2021-12-03 15:51:09.456 18868-18868/uk.co.oliverdelange.instabugtest D/IB-InstabugFeaturesManager: Experimental Feature FEATURE_REQUESTS availability is false
2021-12-03 15:51:09.456 18868-18868/uk.co.oliverdelange.instabugtest V/IB-PluginsManager: plugin: com.instabug.apm.APMPlugin@1d78a7b
2021-12-03 15:51:09.457 18868-18868/uk.co.oliverdelange.instabugtest V/IB-PresentationManager: screensList.size(): 0
2021-12-03 15:51:09.457 18868-18868/uk.co.oliverdelange.instabugtest V/IB-PresentationManager: !InstabugCore.isForegroundBusy(): true
2021-12-03 15:51:09.457 18868-18868/uk.co.oliverdelange.instabugtest V/IB-BaseNetworkTask: a finished
2021-12-03 15:51:09.457 18868-21888/uk.co.oliverdelange.instabugtest D/IB-InstabugFeaturesManager: Previously cached feature settings : {"ttl":0,"sdk_version":"10.10.1","hash":"9e849d0623cf0fbe58367876f11dad95"}
2021-12-03 15:51:09.458 18868-21887/uk.co.oliverdelange.instabugtest W/IB-InstabugDelegate: current user is not identified
2021-12-03 15:51:09.461 18868-21888/uk.co.oliverdelange.instabugtest D/IB-InstabugFeaturesManager: Previously cached feature settings : {"ttl":0,"sdk_version":"10.10.1","hash":"9e849d0623cf0fbe58367876f11dad95"}
2021-12-03 15:51:09.461 18868-21888/uk.co.oliverdelange.instabugtest D/IB-InstabugFeaturesManager: Last fetched at is more than 0 millis, retrieve it again
2021-12-03 15:51:09.461 18868-21823/uk.co.oliverdelange.instabugtest V/IB-InstabugDelegate: initialize Instabug InvocationMode Manager
2021-12-03 15:51:09.462 18868-21823/uk.co.oliverdelange.instabugtest D/IB-InvocationManager: initializing invocationManager
2021-12-03 15:51:09.462 18868-21823/uk.co.oliverdelange.instabugtest V/IB-PluginsManager: plugin: com.instabug.crash.CrashPlugin@6f62626
2021-12-03 15:51:09.462 18868-21823/uk.co.oliverdelange.instabugtest V/IB-PluginsManager: plugin: com.instabug.ndkcrash.NDKCrashPlugin@dd20267
2021-12-03 15:51:09.462 18868-21823/uk.co.oliverdelange.instabugtest V/IB-PluginsManager: plugin: com.instabug.survey.SurveyPlugin@1d09814
2021-12-03 15:51:09.462 18868-21823/uk.co.oliverdelange.instabugtest V/IB-PluginsManager: plugin: com.instabug.chat.ChatPlugin@79f08bd
2021-12-03 15:51:09.462 18868-18868/uk.co.oliverdelange.instabugtest V/IB-BaseNetworkTask: a finished
2021-12-03 15:51:09.462 18868-21823/uk.co.oliverdelange.instabugtest V/IB-PluginsManager: plugin: com.instabug.bug.BugPlugin@7b873b9
2021-12-03 15:51:09.470 18868-21851/uk.co.oliverdelange.instabugtest D/IB-InstabugLogDbHelper: trim
2021-12-03 15:51:09.470 18868-21851/uk.co.oliverdelange.instabugtest D/IB-InstabugLogDbHelper: forceInsertSuspendedLogs
2021-12-03 15:51:09.470 18868-21851/uk.co.oliverdelange.instabugtest D/IB-InstabugLogDbHelper: insertInstabugLogs
2021-12-03 15:51:09.470 18868-21885/uk.co.oliverdelange.instabugtest D/IB-InstabugBugsUploaderJob: Found 0 bugs in cache
2021-12-03 15:51:09.474 18868-21882/uk.co.oliverdelange.instabugtest D/IB-CrashPlugin: Found 0 cached crashes
2021-12-03 15:51:09.478 18868-21823/uk.co.oliverdelange.instabugtest V/IB-PluginsManager: plugin: com.instabug.featuresrequest.FeaturesRequestPlugin@f639275
2021-12-03 15:51:09.478 18868-21823/uk.co.oliverdelange.instabugtest D/IB-InstabugFeaturesManager: Experimental Feature FEATURE_REQUESTS availability is false
2021-12-03 15:51:09.478 18868-21823/uk.co.oliverdelange.instabugtest V/IB-PluginsManager: plugin: com.instabug.apm.APMPlugin@1d78a7b
2021-12-03 15:51:09.479 18868-21823/uk.co.oliverdelange.instabugtest D/IB-InvocationManager: set instabug invocation event: NONE
2021-12-03 15:51:09.479 18868-21823/uk.co.oliverdelange.instabugtest V/IB-b: receive new core event: type: sdk_state, value: built
2021-12-03 15:51:09.479 18868-21823/uk.co.oliverdelange.instabugtest D/IB-InstabugFeaturesManager: Feature USER_DATA state is already ENABLED ignoring
2021-12-03 15:51:09.479 18868-21823/uk.co.oliverdelange.instabugtest D/IB-InstabugFeaturesManager: Feature CONSOLE_LOGS state is already ENABLED ignoring
2021-12-03 15:51:09.479 18868-21823/uk.co.oliverdelange.instabugtest D/IB-InstabugFeaturesManager: Feature INSTABUG_LOGS state is already ENABLED ignoring
2021-12-03 15:51:09.479 18868-21823/uk.co.oliverdelange.instabugtest D/IB-InstabugFeaturesManager: Feature CRASH_REPORTING state is already ENABLED ignoring
2021-12-03 15:51:09.479 18868-21823/uk.co.oliverdelange.instabugtest D/IB-InstabugFeaturesManager: Feature IN_APP_MESSAGING state is already ENABLED ignoring
2021-12-03 15:51:09.479 18868-21823/uk.co.oliverdelange.instabugtest D/IB-InstabugFeaturesManager: Feature PUSH_NOTIFICATION state is already ENABLED ignoring
2021-12-03 15:51:09.479 18868-21823/uk.co.oliverdelange.instabugtest D/IB-InstabugFeaturesManager: Feature TRACK_USER_STEPS state is already ENABLED ignoring
2021-12-03 15:51:09.480 18868-21850/uk.co.oliverdelange.instabugtest V/IB-UserDbHelper: retrieve
2021-12-03 15:51:09.480 18868-21823/uk.co.oliverdelange.instabugtest D/IB-InstabugFeaturesManager: Feature REPRO_STEPS state is already ENABLED ignoring
2021-12-03 15:51:09.480 18868-21823/uk.co.oliverdelange.instabugtest I/IB-VisualUserStepsStateHandler: setReproStepsState: ENABLED
2021-12-03 15:51:09.480 18868-21823/uk.co.oliverdelange.instabugtest D/IB-InstabugFeaturesManager: Feature VIEW_HIERARCHY_V2 state is already DISABLED ignoring
2021-12-03 15:51:09.480 18868-21823/uk.co.oliverdelange.instabugtest D/IB-InstabugFeaturesManager: Feature SURVEYS state is already ENABLED ignoring
2021-12-03 15:51:09.480 18868-21823/uk.co.oliverdelange.instabugtest D/IB-InstabugFeaturesManager: Feature USER_EVENTS state is already ENABLED ignoring
2021-12-03 15:51:09.480 18868-21823/uk.co.oliverdelange.instabugtest V/IB-Builder: User data feature state is set to ENABLED
2021-12-03 15:51:09.480 18868-21823/uk.co.oliverdelange.instabugtest V/IB-Builder: Console log feature state is set to ENABLED
2021-12-03 15:51:09.480 18868-21823/uk.co.oliverdelange.instabugtest V/IB-Builder: Instabug logs feature state is set to ENABLED
2021-12-03 15:51:09.480 18868-21823/uk.co.oliverdelange.instabugtest V/IB-Builder: Crash reporting feature state is set to ENABLED
2021-12-03 15:51:09.480 18868-21823/uk.co.oliverdelange.instabugtest V/IB-Builder: In-App messaging feature state is set toENABLED
2021-12-03 15:51:09.481 18868-21823/uk.co.oliverdelange.instabugtest V/IB-Builder: Push notification feature state is set to ENABLED
2021-12-03 15:51:09.481 18868-21823/uk.co.oliverdelange.instabugtest V/IB-Builder: Tracking user steps feature state is set to ENABLED
2021-12-03 15:51:09.481 18868-21823/uk.co.oliverdelange.instabugtest V/IB-Builder: Repro steps feature state is set to ENABLED
2021-12-03 15:51:09.481 18868-21823/uk.co.oliverdelange.instabugtest V/IB-Builder: View hierarchy feature state is set to DISABLED
2021-12-03 15:51:09.481 18868-21823/uk.co.oliverdelange.instabugtest V/IB-Builder: Surveys feature state is set to ENABLED
2021-12-03 15:51:09.481 18868-21823/uk.co.oliverdelange.instabugtest V/IB-Builder: User events feature state is set to ENABLED
2021-12-03 15:51:09.481 18868-21823/uk.co.oliverdelange.instabugtest V/IB-Builder: Instabug overall state is set to true
2021-12-03 15:51:09.481 18868-21823/uk.co.oliverdelange.instabugtest D/IB-Instabug: Built
2021-12-03 15:51:09.485 18868-21823/uk.co.oliverdelange.instabugtest D/IB-InstabugFeaturesManager: Feature CRASH_REPORTING state is already ENABLED ignoring
2021-12-03 15:51:09.487 18868-21823/uk.co.oliverdelange.instabugtest D/IB-CrashPlugin: CrashPlugin FEATURE event with value updated received
2021-12-03 15:51:09.487 18868-21823/uk.co.oliverdelange.instabugtest D/IB-CrashReportingUtility: isCrashReportingEnabled ? ENABLED
2021-12-03 15:51:09.487 18868-21823/uk.co.oliverdelange.instabugtest D/IB-CrashReportingUtility: isCrashReportingEnabled ? ENABLED
2021-12-03 15:51:09.488 18868-21823/uk.co.oliverdelange.instabugtest V/IB-b: receive new core event: type: features, value: updated
2021-12-03 15:51:09.627 18868-21867/uk.co.oliverdelange.instabugtest D/IB-NormalConnectionManager: Request response code: 404
2021-12-03 15:51:09.629 18868-21867/uk.co.oliverdelange.instabugtest E/IB-NormalConnectionManager: https://play.google.com/store/apps/details?id=uk.co.oliverdelange.instabugtest
    java.io.FileNotFoundException: https://play.google.com/store/apps/details?id=uk.co.oliverdelange.instabugtest
        at com.android.okhttp.internal.huc.HttpURLConnectionImpl.getInputStream(HttpURLConnectionImpl.java:255)
        at com.android.okhttp.internal.huc.DelegatingHttpsURLConnection.getInputStream(DelegatingHttpsURLConnection.java:211)
        at com.android.okhttp.internal.huc.HttpsURLConnectionImpl.getInputStream(HttpsURLConnectionImpl.java:30)
        at com.instabug.library.networkv2.connection.NormalConnectionManager.handleResponse(NormalConnectionManager.java:8)
        at com.instabug.library.networkv2.NetworkManager.doRequest(NetworkManager.java:10)
        at com.instabug.library.networkv2.NetworkManager.doRequest(NetworkManager.java:31)
        at com.instabug.library.networkv2.ReactiveNetworkManager$a.subscribe(ReactiveNetworkManager.java:1)
        at io.reactivex.internal.operators.observable.ObservableCreate.subscribeActual(ObservableCreate.java:40)
        at io.reactivex.Observable.subscribe(Observable.java:12284)
        at io.reactivex.internal.operators.observable.ObservableSubscribeOn$SubscribeTask.run(ObservableSubscribeOn.java:96)
        at io.reactivex.Scheduler$DisposeTask.run(Scheduler.java:578)
        at io.reactivex.internal.schedulers.ScheduledRunnable.run(ScheduledRunnable.java:66)
        at io.reactivex.internal.schedulers.ScheduledRunnable.call(ScheduledRunnable.java:57)
        at java.util.concurrent.FutureTask.run(FutureTask.java:266)
        at java.util.concurrent.ScheduledThreadPoolExecutor$ScheduledFutureTask.run(ScheduledThreadPoolExecutor.java:301)
        at java.util.concurrent.ThreadPoolExecutor.runWorker(ThreadPoolExecutor.java:1167)
        at java.util.concurrent.ThreadPoolExecutor$Worker.run(ThreadPoolExecutor.java:641)
        at java.lang.Thread.run(Thread.java:923)
2021-12-03 15:51:09.629 18868-21867/uk.co.oliverdelange.instabugtest V/IB-NormalConnectionManager: Request response:
2021-12-03 15:51:09.629 18868-21867/uk.co.oliverdelange.instabugtest V/IB-d: checkingIsLiveApp onNext, Response code: 404
2021-12-03 15:51:09.630 18868-21867/uk.co.oliverdelange.instabugtest V/IB-d: checkingIsLiveApp completed
2021-12-03 15:51:09.630 18868-21867/uk.co.oliverdelange.instabugtest D/IB-NetworkManager: Network request completed successfully
2021-12-03 15:51:09.746 18868-21861/uk.co.oliverdelange.instabugtest V/IB-UserManager: getIdentifiedUserEmail:
2021-12-03 15:51:09.747 18868-21861/uk.co.oliverdelange.instabugtest V/IB-UserManager: getIdentifiedUsername:
2021-12-03 15:51:09.748 18868-21850/uk.co.oliverdelange.instabugtest V/IB-UserDbHelper: retrieve
2021-12-03 15:51:09.750 18868-21861/uk.co.oliverdelange.instabugtest D/IB-InstabugNetworkLogDbHelper: retrieveNetworkLogs
2021-12-03 15:51:09.752 18868-21850/uk.co.oliverdelange.instabugtest V/IB-UserDbHelper: retrieve
2021-12-03 15:51:09.752 18868-21861/uk.co.oliverdelange.instabugtest D/IB-InstabugLogDbHelper: retrieve
2021-12-03 15:51:09.752 18868-21861/uk.co.oliverdelange.instabugtest D/IB-InstabugLogDbHelper: forceInsertSuspendedLogs
2021-12-03 15:51:09.752 18868-21861/uk.co.oliverdelange.instabugtest D/IB-InstabugLogDbHelper: insertInstabugLogs
2021-12-03 15:51:09.754 18868-21861/uk.co.oliverdelange.instabugtest D/IB-InstabugLogDbHelper: retrieve
2021-12-03 15:51:09.754 18868-21861/uk.co.oliverdelange.instabugtest D/IB-InstabugLogDbHelper: forceInsertSuspendedLogs
2021-12-03 15:51:09.754 18868-21861/uk.co.oliverdelange.instabugtest D/IB-InstabugLogDbHelper: insertInstabugLogs
2021-12-03 15:51:09.810 18868-21861/uk.co.oliverdelange.instabugtest D/IB-Instabug-NDKCrashReporting: Snapshot captured
2021-12-03 15:51:09.811 18868-21865/uk.co.oliverdelange.instabugtest D/IB-NormalConnectionManager: Request response code: 200
2021-12-03 15:51:09.812 18868-21865/uk.co.oliverdelange.instabugtest V/IB-SurveysService: fetchingSurveysRequest onNext, Response code: 200
2021-12-03 15:51:09.854 18868-21848/uk.co.oliverdelange.instabugtest D/IB-NormalConnectionManager: Request response code: 304
2021-12-03 15:51:09.854 18868-21866/uk.co.oliverdelange.instabugtest D/IB-NormalConnectionManager: Request response code: 200
2021-12-03 15:51:09.854 18868-21848/uk.co.oliverdelange.instabugtest V/IB-NormalConnectionManager: Request response:
2021-12-03 15:51:09.854 18868-21848/uk.co.oliverdelange.instabugtest D/IB-FeaturesService: getAppFeatures: Response code: 304, Response body:
2021-12-03 15:51:09.854 18868-21848/uk.co.oliverdelange.instabugtest D/IB-FeaturesService: Features list did not get modified. Moving on...
2021-12-03 15:51:09.855 18868-21848/uk.co.oliverdelange.instabugtest D/IB-d: Features fetch response is null
2021-12-03 15:51:09.855 18868-21866/uk.co.oliverdelange.instabugtest V/IB-NormalConnectionManager: Request response: {"published":[],"paused":[]}
2021-12-03 15:51:09.855 18868-21848/uk.co.oliverdelange.instabugtest V/IB-FeaturesService: getAppFeatures request completed
2021-12-03 15:51:09.855 18868-21866/uk.co.oliverdelange.instabugtest V/IB-AnnouncementsService: Response: Response code: 200, Response body: {"published":[],"paused":[]}
2021-12-03 15:51:09.855 18868-21848/uk.co.oliverdelange.instabugtest D/IB-NetworkManager: Network request completed successfully
2021-12-03 15:51:09.855 18868-21866/uk.co.oliverdelange.instabugtest V/IB-b: fetchingAnnouncementsRequest onNext, Response code: 200
2021-12-03 15:51:09.856 18868-21866/uk.co.oliverdelange.instabugtest D/IB-AnnouncementManager: Announcement Fetching Passed
2021-12-03 15:51:09.860 18868-21850/uk.co.oliverdelange.instabugtest V/IB-UserDbHelper: retrieve
2021-12-03 15:51:09.861 18868-21866/uk.co.oliverdelange.instabugtest V/IB-b: fetchingAnnouncementsRequest completed
2021-12-03 15:51:09.861 18868-21866/uk.co.oliverdelange.instabugtest D/IB-NetworkManager: Network request completed successfully
2021-12-03 15:51:14.364 18868-21861/uk.co.oliverdelange.instabugtest V/IB-Instabug-NDKCrashReporting: Capturing snapshot
2021-12-03 15:51:14.534 18868-21861/uk.co.oliverdelange.instabugtest V/IB-UserManager: getIdentifiedUserEmail:
2021-12-03 15:51:14.535 18868-21861/uk.co.oliverdelange.instabugtest V/IB-UserManager: getIdentifiedUsername:
2021-12-03 15:51:14.535 18868-21850/uk.co.oliverdelange.instabugtest V/IB-UserDbHelper: retrieve
2021-12-03 15:51:14.536 18868-21861/uk.co.oliverdelange.instabugtest D/IB-InstabugNetworkLogDbHelper: retrieveNetworkLogs
2021-12-03 15:51:14.538 18868-21850/uk.co.oliverdelange.instabugtest V/IB-UserDbHelper: retrieve
2021-12-03 15:51:14.538 18868-21861/uk.co.oliverdelange.instabugtest D/IB-InstabugLogDbHelper: retrieve
2021-12-03 15:51:14.538 18868-21861/uk.co.oliverdelange.instabugtest D/IB-InstabugLogDbHelper: forceInsertSuspendedLogs
2021-12-03 15:51:14.538 18868-21861/uk.co.oliverdelange.instabugtest D/IB-InstabugLogDbHelper: insertInstabugLogs
2021-12-03 15:51:14.539 18868-21861/uk.co.oliverdelange.instabugtest D/IB-InstabugLogDbHelper: retrieve
2021-12-03 15:51:14.539 18868-21861/uk.co.oliverdelange.instabugtest D/IB-InstabugLogDbHelper: forceInsertSuspendedLogs
2021-12-03 15:51:14.539 18868-21861/uk.co.oliverdelange.instabugtest D/IB-InstabugLogDbHelper: insertInstabugLogs
2021-12-03 15:51:14.575 18868-21861/uk.co.oliverdelange.instabugtest D/IB-Instabug-NDKCrashReporting: Snapshot captured
2021-12-03 15:51:19.364 18868-21861/uk.co.oliverdelange.instabugtest V/IB-Instabug-NDKCrashReporting: Capturing snapshot
2021-12-03 15:51:19.523 18868-21861/uk.co.oliverdelange.instabugtest V/IB-UserManager: getIdentifiedUserEmail:
2021-12-03 15:51:19.523 18868-21861/uk.co.oliverdelange.instabugtest V/IB-UserManager: getIdentifiedUsername:
2021-12-03 15:51:19.524 18868-21850/uk.co.oliverdelange.instabugtest V/IB-UserDbHelper: retrieve
2021-12-03 15:51:19.525 18868-21861/uk.co.oliverdelange.instabugtest D/IB-InstabugNetworkLogDbHelper: retrieveNetworkLogs
2021-12-03 15:51:19.526 18868-21850/uk.co.oliverdelange.instabugtest V/IB-UserDbHelper: retrieve
2021-12-03 15:51:19.526 18868-21861/uk.co.oliverdelange.instabugtest D/IB-InstabugLogDbHelper: retrieve
2021-12-03 15:51:19.526 18868-21861/uk.co.oliverdelange.instabugtest D/IB-InstabugLogDbHelper: forceInsertSuspendedLogs
2021-12-03 15:51:19.526 18868-21861/uk.co.oliverdelange.instabugtest D/IB-InstabugLogDbHelper: insertInstabugLogs
2021-12-03 15:51:19.527 18868-21861/uk.co.oliverdelange.instabugtest D/IB-InstabugLogDbHelper: retrieve
2021-12-03 15:51:19.527 18868-21861/uk.co.oliverdelange.instabugtest D/IB-InstabugLogDbHelper: forceInsertSuspendedLogs
2021-12-03 15:51:19.527 18868-21861/uk.co.oliverdelange.instabugtest D/IB-InstabugLogDbHelper: insertInstabugLogs
2021-12-03 15:51:19.557 18868-21861/uk.co.oliverdelange.instabugtest D/IB-Instabug-NDKCrashReporting: Snapshot captured
2021-12-03 15:51:19.842 18868-21865/uk.co.oliverdelange.instabugtest I/IB-SurveysValidator: timeTriggeredSurveys: 1
2021-12-03 15:51:19.842 18868-21865/uk.co.oliverdelange.instabugtest I/IB-SurveysValidator: getAllValidSurveys(availableSurveys: 1)
2021-12-03 15:51:19.842 18868-21865/uk.co.oliverdelange.instabugtest I/IB-SurveysValidator: validSurveys: 0
2021-12-03 15:51:19.843 18868-21865/uk.co.oliverdelange.instabugtest I/IB-SurveysValidator: validSurveys: 0
2021-12-03 15:51:19.843 18868-21865/uk.co.oliverdelange.instabugtest I/IB-SurveysValidator: no valid time-triggered surveys. Returning null...
2021-12-03 15:51:19.843 18868-21865/uk.co.oliverdelange.instabugtest V/IB-SurveysService: fetchingSurveysRequest completed
2021-12-03 15:51:19.843 18868-21865/uk.co.oliverdelange.instabugtest D/IB-NetworkManager: Network request completed successfully
2021-12-03 15:51:24.364 18868-21861/uk.co.oliverdelange.instabugtest V/IB-Instabug-NDKCrashReporting: Capturing snapshot
2021-12-03 15:51:24.514 18868-21861/uk.co.oliverdelange.instabugtest V/IB-UserManager: getIdentifiedUserEmail:
2021-12-03 15:51:24.515 18868-21861/uk.co.oliverdelange.instabugtest V/IB-UserManager: getIdentifiedUsername:
2021-12-03 15:51:24.515 18868-21850/uk.co.oliverdelange.instabugtest V/IB-UserDbHelper: retrieve
2021-12-03 15:51:24.517 18868-21861/uk.co.oliverdelange.instabugtest D/IB-InstabugNetworkLogDbHelper: retrieveNetworkLogs
2021-12-03 15:51:24.518 18868-21850/uk.co.oliverdelange.instabugtest V/IB-UserDbHelper: retrieve
2021-12-03 15:51:24.518 18868-21861/uk.co.oliverdelange.instabugtest D/IB-InstabugLogDbHelper: retrieve
2021-12-03 15:51:24.518 18868-21861/uk.co.oliverdelange.instabugtest D/IB-InstabugLogDbHelper: forceInsertSuspendedLogs
2021-12-03 15:51:24.518 18868-21861/uk.co.oliverdelange.instabugtest D/IB-InstabugLogDbHelper: insertInstabugLogs
2021-12-03 15:51:24.519 18868-21861/uk.co.oliverdelange.instabugtest D/IB-InstabugLogDbHelper: retrieve
2021-12-03 15:51:24.519 18868-21861/uk.co.oliverdelange.instabugtest D/IB-InstabugLogDbHelper: forceInsertSuspendedLogs
2021-12-03 15:51:24.519 18868-21861/uk.co.oliverdelange.instabugtest D/IB-InstabugLogDbHelper: insertInstabugLogs
2021-12-03 15:51:24.546 18868-21861/uk.co.oliverdelange.instabugtest D/IB-Instabug-NDKCrashReporting: Snapshot captured
2021-12-03 15:51:29.364 18868-21861/uk.co.oliverdelange.instabugtest V/IB-Instabug-NDKCrashReporting: Capturing snapshot
2021-12-03 15:51:29.538 18868-21861/uk.co.oliverdelange.instabugtest V/IB-UserManager: getIdentifiedUserEmail:
2021-12-03 15:51:29.540 18868-21861/uk.co.oliverdelange.instabugtest V/IB-UserManager: getIdentifiedUsername:
2021-12-03 15:51:29.540 18868-21850/uk.co.oliverdelange.instabugtest V/IB-UserDbHelper: retrieve
2021-12-03 15:51:29.541 18868-21861/uk.co.oliverdelange.instabugtest D/IB-InstabugNetworkLogDbHelper: retrieveNetworkLogs
2021-12-03 15:51:29.543 18868-21850/uk.co.oliverdelange.instabugtest V/IB-UserDbHelper: retrieve
2021-12-03 15:51:29.543 18868-21861/uk.co.oliverdelange.instabugtest D/IB-InstabugLogDbHelper: retrieve
2021-12-03 15:51:29.543 18868-21861/uk.co.oliverdelange.instabugtest D/IB-InstabugLogDbHelper: forceInsertSuspendedLogs
2021-12-03 15:51:29.543 18868-21861/uk.co.oliverdelange.instabugtest D/IB-InstabugLogDbHelper: insertInstabugLogs
2021-12-03 15:51:29.544 18868-21861/uk.co.oliverdelange.instabugtest D/IB-InstabugLogDbHelper: retrieve
2021-12-03 15:51:29.544 18868-21861/uk.co.oliverdelange.instabugtest D/IB-InstabugLogDbHelper: forceInsertSuspendedLogs
2021-12-03 15:51:29.544 18868-21861/uk.co.oliverdelange.instabugtest D/IB-InstabugLogDbHelper: insertInstabugLogs
2021-12-03 15:51:29.569 18868-21861/uk.co.oliverdelange.instabugtest D/IB-Instabug-NDKCrashReporting: Snapshot captured
2021-12-03 15:51:34.364 18868-21861/uk.co.oliverdelange.instabugtest V/IB-Instabug-NDKCrashReporting: Capturing snapshot
2021-12-03 15:51:34.529 18868-21861/uk.co.oliverdelange.instabugtest V/IB-UserManager: getIdentifiedUserEmail:
2021-12-03 15:51:34.531 18868-21861/uk.co.oliverdelange.instabugtest V/IB-UserManager: getIdentifiedUsername:
2021-12-03 15:51:34.534 18868-21850/uk.co.oliverdelange.instabugtest V/IB-UserDbHelper: retrieve
2021-12-03 15:51:34.534 18868-21861/uk.co.oliverdelange.instabugtest D/IB-InstabugNetworkLogDbHelper: retrieveNetworkLogs
2021-12-03 15:51:34.536 18868-21850/uk.co.oliverdelange.instabugtest V/IB-UserDbHelper: retrieve
2021-12-03 15:51:34.536 18868-21861/uk.co.oliverdelange.instabugtest D/IB-InstabugLogDbHelper: retrieve
2021-12-03 15:51:34.536 18868-21861/uk.co.oliverdelange.instabugtest D/IB-InstabugLogDbHelper: forceInsertSuspendedLogs
2021-12-03 15:51:34.536 18868-21861/uk.co.oliverdelange.instabugtest D/IB-InstabugLogDbHelper: insertInstabugLogs
2021-12-03 15:51:34.537 18868-21861/uk.co.oliverdelange.instabugtest D/IB-InstabugLogDbHelper: retrieve
2021-12-03 15:51:34.537 18868-21861/uk.co.oliverdelange.instabugtest D/IB-InstabugLogDbHelper: forceInsertSuspendedLogs
2021-12-03 15:51:34.537 18868-21861/uk.co.oliverdelange.instabugtest D/IB-InstabugLogDbHelper: insertInstabugLogs
2021-12-03 15:51:34.566 18868-21861/uk.co.oliverdelange.instabugtest D/IB-Instabug-NDKCrashReporting: Snapshot captured
2021-12-03 15:51:39.364 18868-21861/uk.co.oliverdelange.instabugtest V/IB-Instabug-NDKCrashReporting: Capturing snapshot
2021-12-03 15:51:39.540 18868-21861/uk.co.oliverdelange.instabugtest V/IB-UserManager: getIdentifiedUserEmail:
2021-12-03 15:51:39.541 18868-21861/uk.co.oliverdelange.instabugtest V/IB-UserManager: getIdentifiedUsername:
2021-12-03 15:51:39.542 18868-21850/uk.co.oliverdelange.instabugtest V/IB-UserDbHelper: retrieve
2021-12-03 15:51:39.543 18868-21861/uk.co.oliverdelange.instabugtest D/IB-InstabugNetworkLogDbHelper: retrieveNetworkLogs
2021-12-03 15:51:39.544 18868-21850/uk.co.oliverdelange.instabugtest V/IB-UserDbHelper: retrieve
2021-12-03 15:51:39.544 18868-21861/uk.co.oliverdelange.instabugtest D/IB-InstabugLogDbHelper: retrieve
2021-12-03 15:51:39.544 18868-21861/uk.co.oliverdelange.instabugtest D/IB-InstabugLogDbHelper: forceInsertSuspendedLogs
2021-12-03 15:51:39.544 18868-21861/uk.co.oliverdelange.instabugtest D/IB-InstabugLogDbHelper: insertInstabugLogs
2021-12-03 15:51:39.545 18868-21861/uk.co.oliverdelange.instabugtest D/IB-InstabugLogDbHelper: retrieve
2021-12-03 15:51:39.545 18868-21861/uk.co.oliverdelange.instabugtest D/IB-InstabugLogDbHelper: forceInsertSuspendedLogs
2021-12-03 15:51:39.545 18868-21861/uk.co.oliverdelange.instabugtest D/IB-InstabugLogDbHelper: insertInstabugLogs
2021-12-03 15:51:39.570 18868-21861/uk.co.oliverdelange.instabugtest D/IB-Instabug-NDKCrashReporting: Snapshot captured
2021-12-03 15:51:44.364 18868-21861/uk.co.oliverdelange.instabugtest V/IB-Instabug-NDKCrashReporting: Capturing snapshot
2021-12-03 15:51:44.521 18868-21861/uk.co.oliverdelange.instabugtest V/IB-UserManager: getIdentifiedUserEmail:
2021-12-03 15:51:44.523 18868-21861/uk.co.oliverdelange.instabugtest V/IB-UserManager: getIdentifiedUsername:
2021-12-03 15:51:44.525 18868-21850/uk.co.oliverdelange.instabugtest V/IB-UserDbHelper: retrieve
2021-12-03 15:51:44.525 18868-21861/uk.co.oliverdelange.instabugtest D/IB-InstabugNetworkLogDbHelper: retrieveNetworkLogs
2021-12-03 15:51:44.527 18868-21861/uk.co.oliverdelange.instabugtest D/IB-InstabugLogDbHelper: retrieve
2021-12-03 15:51:44.527 18868-21861/uk.co.oliverdelange.instabugtest D/IB-InstabugLogDbHelper: forceInsertSuspendedLogs
2021-12-03 15:51:44.527 18868-21861/uk.co.oliverdelange.instabugtest D/IB-InstabugLogDbHelper: insertInstabugLogs
2021-12-03 15:51:44.528 18868-21850/uk.co.oliverdelange.instabugtest V/IB-UserDbHelper: retrieve
2021-12-03 15:51:44.528 18868-21861/uk.co.oliverdelange.instabugtest D/IB-InstabugLogDbHelper: retrieve
2021-12-03 15:51:44.528 18868-21861/uk.co.oliverdelange.instabugtest D/IB-InstabugLogDbHelper: forceInsertSuspendedLogs
2021-12-03 15:51:44.528 18868-21861/uk.co.oliverdelange.instabugtest D/IB-InstabugLogDbHelper: insertInstabugLogs
2021-12-03 15:51:44.555 18868-21861/uk.co.oliverdelange.instabugtest D/IB-Instabug-NDKCrashReporting: Snapshot captured
2021-12-03 15:51:49.364 18868-21861/uk.co.oliverdelange.instabugtest V/IB-Instabug-NDKCrashReporting: Capturing snapshot
2021-12-03 15:51:49.515 18868-21861/uk.co.oliverdelange.instabugtest V/IB-UserManager: getIdentifiedUserEmail:
2021-12-03 15:51:49.516 18868-21861/uk.co.oliverdelange.instabugtest V/IB-UserManager: getIdentifiedUsername:
2021-12-03 15:51:49.516 18868-21850/uk.co.oliverdelange.instabugtest V/IB-UserDbHelper: retrieve
2021-12-03 15:51:49.517 18868-21861/uk.co.oliverdelange.instabugtest D/IB-InstabugNetworkLogDbHelper: retrieveNetworkLogs
2021-12-03 15:51:49.519 18868-21861/uk.co.oliverdelange.instabugtest D/IB-InstabugLogDbHelper: retrieve
2021-12-03 15:51:49.519 18868-21861/uk.co.oliverdelange.instabugtest D/IB-InstabugLogDbHelper: forceInsertSuspendedLogs
2021-12-03 15:51:49.519 18868-21861/uk.co.oliverdelange.instabugtest D/IB-InstabugLogDbHelper: insertInstabugLogs
2021-12-03 15:51:49.519 18868-21850/uk.co.oliverdelange.instabugtest V/IB-UserDbHelper: retrieve
2021-12-03 15:51:49.521 18868-21861/uk.co.oliverdelange.instabugtest D/IB-InstabugLogDbHelper: retrieve
2021-12-03 15:51:49.521 18868-21861/uk.co.oliverdelange.instabugtest D/IB-InstabugLogDbHelper: forceInsertSuspendedLogs
2021-12-03 15:51:49.521 18868-21861/uk.co.oliverdelange.instabugtest D/IB-InstabugLogDbHelper: insertInstabugLogs
2021-12-03 15:51:49.546 18868-21861/uk.co.oliverdelange.instabugtest D/IB-Instabug-NDKCrashReporting: Snapshot captured
2021-12-03 15:51:54.364 18868-21861/uk.co.oliverdelange.instabugtest V/IB-Instabug-NDKCrashReporting: Capturing snapshot
2021-12-03 15:51:54.545 18868-21861/uk.co.oliverdelange.instabugtest V/IB-UserManager: getIdentifiedUserEmail:
2021-12-03 15:51:54.546 18868-21861/uk.co.oliverdelange.instabugtest V/IB-UserManager: getIdentifiedUsername:
2021-12-03 15:51:54.548 18868-21850/uk.co.oliverdelange.instabugtest V/IB-UserDbHelper: retrieve
2021-12-03 15:51:54.549 18868-21861/uk.co.oliverdelange.instabugtest D/IB-InstabugNetworkLogDbHelper: retrieveNetworkLogs
2021-12-03 15:51:54.551 18868-21850/uk.co.oliverdelange.instabugtest V/IB-UserDbHelper: retrieve
2021-12-03 15:51:54.552 18868-21861/uk.co.oliverdelange.instabugtest D/IB-InstabugLogDbHelper: retrieve
2021-12-03 15:51:54.552 18868-21861/uk.co.oliverdelange.instabugtest D/IB-InstabugLogDbHelper: forceInsertSuspendedLogs
2021-12-03 15:51:54.552 18868-21861/uk.co.oliverdelange.instabugtest D/IB-InstabugLogDbHelper: insertInstabugLogs
2021-12-03 15:51:54.553 18868-21861/uk.co.oliverdelange.instabugtest D/IB-InstabugLogDbHelper: retrieve
2021-12-03 15:51:54.553 18868-21861/uk.co.oliverdelange.instabugtest D/IB-InstabugLogDbHelper: forceInsertSuspendedLogs
2021-12-03 15:51:54.553 18868-21861/uk.co.oliverdelange.instabugtest D/IB-InstabugLogDbHelper: insertInstabugLogs
2021-12-03 15:51:54.578 18868-21861/uk.co.oliverdelange.instabugtest D/IB-Instabug-NDKCrashReporting: Snapshot captured
2021-12-03 15:51:59.364 18868-21861/uk.co.oliverdelange.instabugtest V/IB-Instabug-NDKCrashReporting: Capturing snapshot
2021-12-03 15:51:59.505 18868-21861/uk.co.oliverdelange.instabugtest V/IB-UserManager: getIdentifiedUserEmail:
2021-12-03 15:51:59.505 18868-21861/uk.co.oliverdelange.instabugtest V/IB-UserManager: getIdentifiedUsername:
2021-12-03 15:51:59.506 18868-21850/uk.co.oliverdelange.instabugtest V/IB-UserDbHelper: retrieve
2021-12-03 15:51:59.507 18868-21861/uk.co.oliverdelange.instabugtest D/IB-InstabugNetworkLogDbHelper: retrieveNetworkLogs
2021-12-03 15:51:59.508 18868-21850/uk.co.oliverdelange.instabugtest V/IB-UserDbHelper: retrieve
2021-12-03 15:51:59.509 18868-21861/uk.co.oliverdelange.instabugtest D/IB-InstabugLogDbHelper: retrieve
2021-12-03 15:51:59.509 18868-21861/uk.co.oliverdelange.instabugtest D/IB-InstabugLogDbHelper: forceInsertSuspendedLogs
2021-12-03 15:51:59.509 18868-21861/uk.co.oliverdelange.instabugtest D/IB-InstabugLogDbHelper: insertInstabugLogs
2021-12-03 15:51:59.510 18868-21861/uk.co.oliverdelange.instabugtest D/IB-InstabugLogDbHelper: retrieve
2021-12-03 15:51:59.510 18868-21861/uk.co.oliverdelange.instabugtest D/IB-InstabugLogDbHelper: forceInsertSuspendedLogs
2021-12-03 15:51:59.510 18868-21861/uk.co.oliverdelange.instabugtest D/IB-InstabugLogDbHelper: insertInstabugLogs
2021-12-03 15:51:59.534 18868-21861/uk.co.oliverdelange.instabugtest D/IB-Instabug-NDKCrashReporting: Snapshot captured
